Первая строка для записи
Вторая строка
Третья строка с текстом

Пустая строка выше
Последняя строка файла
